[www.rbxhouse.com/index.html]
[backblue.gif]
[fade.gif]
[index.html]
[www.rbxhouse.com/favicon.ico]
[www.rbxhouse.com/feeds/posts/default]
[www.rbxhouse.com/feeds/posts/default9522]
[stackpath.bootstrapcdn.com/font-awesome/4.7.0/css/font-awesome.min.css]
[3.bp.blogspot.com/-j575s7rl4D8/XUu9hnhz6AI/AAAAAAAAHDI/nXN2Sx-q7Tc3AkpiIyp95yMj9fZsAqHvwCK4BGAYYCw/s1600/slider2-1-copyright.jpg]
[4.bp.blogspot.com/-O3EpVMWcoKw/WxY6-6I4--I/AAAAAAAAB2s/KzC0FqUQtkMdw7VzT6oOR_8vbZO6EJc-ACK4BGAYYCw/s1600/nth.png]
[4.bp.blogspot.com/-kfmPVq6XiyI/YEdNvs2YTvI/AAAAAAAAAE4/dHqK10DV1rgg2xQ6-TAEyA7iWP8jhelCACK4BGAYYCw/s1600/logo.png]
[2.bp.blogspot.com/-6_v8ZMr9t6g/YEdWP0A91JI/AAAAAAAAAFE/jFM8M99GIa4vhvWL7eQHbCXrX3qMBKWcwCK4BGAYYCw/s1600/196843.jpg]
[4.bp.blogspot.com/-uiRNL38YPEw/YEdNZvWQ5xI/AAAAAAAAAEs/7coaMkezutwrn9HguzfMm1YRiHYugOEiQCK4BGAYYCw/s1600/rbx boss.png]
[4.bp.blogspot.com/--YqTV65qjQI/YEe3VQLtCSI/AAAAAAAAAFQ/QNYqLWjyAqMYMbNYUlOaB3jv7yS0cSLTwCK4BGAYYCw/s1600/roblox_account_216k_robux_1599836125_5be0a50e_progressive.jpg]
[4.bp.blogspot.com/-YxdO1A_eBbg/YEe6KZShVrI/AAAAAAAAAFc/xE159M_gvC0zZVX9oR30Vise6Cp5gdXngCK4BGAYYCw/s1600/DZ8-MIeW0AA0I-q.jpg]
[2.bp.blogspot.com/-h2pqihV-17Y/YEe6PwxVc1I/AAAAAAAAAFk/y_3Uxs1gtIkvsz6LAkywLELmTBUW5D_qgCK4BGAYYCw/s1600/lhNVFONReEg_640x360.jpg]
[1.bp.blogspot.com/-DSIbDKXimos/WiF8S_gbs1I/AAAAAAAAEVQ/JtpWT4R_n04Ulh4LXEIZFX9OZZ7_uDdcQCEwYBhgL/s280/13.jpg]
[3.bp.blogspot.com/-y7hzgwZ7Yxg/WiF8RpkgYuI/AAAAAAAAEVQ/-c6PNrxIkyoUmhB0IKXH79f_MPVrpA0gQCEwYBhgL/s280/11.jpg]
[1.bp.blogspot.com/-T_NhfWZeL7E/XRoCNN73WvI/AAAAAAAAGzE/JwMAAJZaNVEjuZqbhCn1P1XXi9KfBxq5wCLcBGAs/s280/6.jpg]
[1.bp.blogspot.com/-wHVf1CDEwEg/W1q42OF8OcI/AAAAAAAACpE/K9U1nKqRcUsU_2BnbbZWiEI4ay9aoGi8gCK4BGAYYCw/w280/glo3.jpg]
[ajax.googleapis.com/ajax/libs/jquery/1.12.4/jquery.min.js]
[connect.facebook.net/en_US/sdk.js]
[www.blogger.com/static/v1/widgets/3918759659-widgets.js]
[www.rbxhouse.com/index.html]
[stackpath.bootstrapcdn.com/font-awesome/4.7.0/css/font-awesome.min.css]
[connect.facebook.net/en_US/sdk.js]
